// Jest Snapshot v1, https://goo.gl/fbAQLP

exports[`Home components should match snapshot 1`] = `
<body>
  <div>
    <div
      class="MuiGrid-root MuiGrid-container css-1hbmzt3-MuiGrid-root"
    >
      <div
        class="MuiPaper-root MuiPaper-elevation MuiPaper-rounded MuiPaper-elevation1 MuiCard-root css-1qpxjzl-MuiPaper-root-MuiCard-root"
      >
        Next image stub
        <div
          class="MuiCardContent-root css-46bh2p-MuiCardContent-root"
        >
          <h2
            class="MuiTypography-root MuiTypography-h5 MuiTypography-gutterBottom css-h93ljk-MuiTypography-root"
          >
            My dev friends
          </h2>
          <p
            class="MuiTypography-root MuiTypography-body2 css-r40f8v-MuiTypography-root"
          >
            A new adventure begins ðŸš€
          </p>
        </div>
      </div>
    </div>
  </div>
</body>
`;
